=> CSharpChess.UnitTests.BoardMovement.kings.Bugfix1
r...k..r
.ppb.ppp
p..b....
........
...N.P..
..P.B...
PP....PP
..KR.B.R

=> CSharpChess.UnitTests.BoardMovement.kings.can_castle("E1C1","A1D1")
E1C1
r...k..r
........
........
........
........
........
........
..KR...R

=> CSharpChess.UnitTests.BoardMovement.kings.can_castle("E1G1","H1F1")
E1G1
r...k..r
........
........
........
........
........
........
R....RK.

=> CSharpChess.UnitTests.BoardMovement.kings.can_castle("E8C8","A8D8")
E8C8
..kr...r
........
........
........
........
........
........
R...K..R

=> CSharpChess.UnitTests.BoardMovement.kings.can_castle("E8G8","H8F8")
E8G8
r....rk.
........
........
........
........
........
........
R...K..R

=> CSharpChess.UnitTests.BoardMovement.pawns.can_take2
r....k..
.p..p.b.
..r.n.p.
pN.RPp.p
P.P.K...
.P.RB.P.
.......P
........

=> CSharpChess.UnitTests.PgnParsing.FullGameParsing.can_parse_lots_of_games
2893 parsed.
=> CSharpChess.UnitTests.PgnParsing.FullGameParsing.can_play_pgn_with_piece_blocking_check
Processing game: Lees, David vs Short, Nigel D @ BCF-ch #2 BlackWins
  Game took 88ms
=> CSharpChess.UnitTests.PgnParsing.PerfTests.PARSE_wiki_game_100_times
Slowest: 1 : ParseWiki38
Fastest:  : ParseWiki58
Total  :  00:00:00.0430000
Average: 
=> CSharpChess.UnitTests.PgnParsing.PerfTests.PLAY_short_pgn_file
Slowest: 826 : C:\Src\Chess\CSharpChess.UnitTests\bin\Debug\short.pgn.2382
Fastest: 1 : C:\Src\Chess\CSharpChess.UnitTests\bin\Debug\short.pgn.721
Total  :  00:07:58.6660000
Average: 165
=> CSharpChess.UnitTests.PgnParsing.PerfTests.PLAY_wiki_game_100_times
Slowest: 221 : PlayWiki72
Fastest: 157 : PlayWiki83
Total  :  00:00:16.8400000
Average: 168
=> CSharpChess.UnitTests.TestsSetupClass
Counters
board.creation.count                :    992645
board.movelists.rebuild-all.count   :   2468896

Timers
Timer Id                            :  min (μs) | avg (μs) | max (μs)
board.creation.custom               :        84 |      231 |    21964
board.creation.empty                :       110 |      110 |      110
board.creation.new                  :        95 |      161 |    38645
board.movelists.rebuild-all         :        11 |      127 |    35272
